---
source: tests/examples_snapshots.rs
expression: sanitize(&stdout)
---
🚀 Sharded Local KVS Demo
   → shard 1 for 'user:1'
   → shard 1 for 'user:2'
   → shard 1 for 'user:1'
   → shard 1 for 'user:2'
→ PUT user:1 = OK
→ PUT user:2 = OK
→ GET user:1 = alice
→ GET user:2 = bob
✅ Sharded local demo complete
